------------------------------------------------------------
TimeQuest Timing Analyzer Summary
------------------------------------------------------------

Type  : Slow 1200mV 85C Model Setup 'fin'
Slack : -35.747
TNS   : -5342.033

Type  : Slow 1200mV 85C Model Setup 'DHT11:u0|clk_1M'
Slack : -11.645
TNS   : -676.334

Type  : Slow 1200mV 85C Model Setup 'LCD_DRV:u3|up_mdu5:u0|fout'
Slack : -5.885
TNS   : -389.904

Type  : Slow 1200mV 85C Model Setup 'uart:u7|countE1'
Slack : -4.065
TNS   : -28.780

Type  : Slow 1200mV 85C Model Setup 'clock_generator:u1|clk_100Hz'
Slack : -3.642
TNS   : -88.953

Type  : Slow 1200mV 85C Model Setup 'clock_generator:u1|clk_1MHz'
Slack : -3.013
TNS   : -47.584

Type  : Slow 1200mV 85C Model Setup 'uart:u7|uck1'
Slack : -2.033
TNS   : -20.297

Type  : Slow 1200mV 85C Model Setup 'uart:u7|uck2'
Slack : -1.619
TNS   : -11.709

Type  : Slow 1200mV 85C Model Setup 'DHT11:u0|DHT11_BASIC:u0|clks'
Slack : -1.317
TNS   : -54.704

Type  : Slow 1200mV 85C Model Setup 'keypad:u4|tmpTouch'
Slack : -0.921
TNS   : -1.840

Type  : Slow 1200mV 85C Model Setup 'FD[12]'
Slack : -0.835
TNS   : -6.759

Type  : Slow 1200mV 85C Model Setup 'clock_generator:u1|clk_1KHz'
Slack : -0.428
TNS   : -1.219

Type  : Slow 1200mV 85C Model Setup 'seven_seg_display:u8|FD[10]'
Slack : 0.001
TNS   : 0.000

Type  : Slow 1200mV 85C Model Hold 'fin'
Slack : -0.665
TNS   : -1.186

Type  : Slow 1200mV 85C Model Hold 'uart:u7|uck1'
Slack : -0.314
TNS   : -2.056

Type  : Slow 1200mV 85C Model Hold 'clock_generator:u1|clk_1MHz'
Slack : -0.302
TNS   : -1.316

Type  : Slow 1200mV 85C Model Hold 'clock_generator:u1|clk_1KHz'
Slack : -0.232
TNS   : -0.232

Type  : Slow 1200mV 85C Model Hold 'DHT11:u0|clk_1M'
Slack : 0.005
TNS   : 0.000

Type  : Slow 1200mV 85C Model Hold 'DHT11:u0|DHT11_BASIC:u0|clks'
Slack : 0.084
TNS   : 0.000

Type  : Slow 1200mV 85C Model Hold 'keypad:u4|tmpTouch'
Slack : 0.358
TNS   : 0.000

Type  : Slow 1200mV 85C Model Hold 'LCD_DRV:u3|up_mdu5:u0|fout'
Slack : 0.435
TNS   : 0.000

Type  : Slow 1200mV 85C Model Hold 'FD[12]'
Slack : 0.455
TNS   : 0.000

Type  : Slow 1200mV 85C Model Hold 'clock_generator:u1|clk_100Hz'
Slack : 0.455
TNS   : 0.000

Type  : Slow 1200mV 85C Model Hold 'uart:u7|uck2'
Slack : 0.455
TNS   : 0.000

Type  : Slow 1200mV 85C Model Hold 'uart:u7|countE1'
Slack : 0.456
TNS   : 0.000

Type  : Slow 1200mV 85C Model Hold 'seven_seg_display:u8|FD[10]'
Slack : 0.511
TNS   : 0.000

Type  : Slow 1200mV 85C Model Recovery 'DHT11:u0|clk_1M'
Slack : -1.604
TNS   : -9.561

Type  : Slow 1200mV 85C Model Recovery 'uart:u7|uck2'
Slack : -1.400
TNS   : -5.600

Type  : Slow 1200mV 85C Model Recovery 'keypad:u4|tmpTouch'
Slack : -1.307
TNS   : -1.307

Type  : Slow 1200mV 85C Model Recovery 'uart:u7|uck1'
Slack : -0.103
TNS   : -0.412

Type  : Slow 1200mV 85C Model Removal 'uart:u7|uck1'
Slack : 0.011
TNS   : 0.000

Type  : Slow 1200mV 85C Model Removal 'keypad:u4|tmpTouch'
Slack : 1.248
TNS   : 0.000

Type  : Slow 1200mV 85C Model Removal 'DHT11:u0|clk_1M'
Slack : 1.510
TNS   : 0.000

Type  : Slow 1200mV 85C Model Removal 'uart:u7|uck2'
Slack : 1.529
TNS   : 0.000

Type  : Slow 1200mV 85C Model Minimum Pulse Width 'fin'
Slack : -3.201
TNS   : -1183.665

Type  : Slow 1200mV 85C Model Minimum Pulse Width 'DHT11:u0|clk_1M'
Slack : -1.487
TNS   : -179.927

Type  : Slow 1200mV 85C Model Minimum Pulse Width 'LCD_DRV:u3|up_mdu5:u0|fout'
Slack : -1.487
TNS   : -133.830

Type  : Slow 1200mV 85C Model Minimum Pulse Width 'DHT11:u0|DHT11_BASIC:u0|clks'
Slack : -1.487
TNS   : -114.499

Type  : Slow 1200mV 85C Model Minimum Pulse Width 'clock_generator:u1|clk_100Hz'
Slack : -1.487
TNS   : -63.941

Type  : Slow 1200mV 85C Model Minimum Pulse Width 'clock_generator:u1|clk_1MHz'
Slack : -1.487
TNS   : -32.714

Type  : Slow 1200mV 85C Model Minimum Pulse Width 'FD[12]'
Slack : -1.487
TNS   : -31.227

Type  : Slow 1200mV 85C Model Minimum Pulse Width 'uart:u7|uck1'
Slack : -1.487
TNS   : -17.844

Type  : Slow 1200mV 85C Model Minimum Pulse Width 'uart:u7|uck2'
Slack : -1.487
TNS   : -13.383

Type  : Slow 1200mV 85C Model Minimum Pulse Width 'seven_seg_display:u8|FD[10]'
Slack : -1.487
TNS   : -11.896

Type  : Slow 1200mV 85C Model Minimum Pulse Width 'uart:u7|countE1'
Slack : -1.487
TNS   : -11.896

Type  : Slow 1200mV 85C Model Minimum Pulse Width 'keypad:u4|tmpTouch'
Slack : -1.487
TNS   : -7.435

Type  : Slow 1200mV 85C Model Minimum Pulse Width 'clock_generator:u1|clk_1KHz'
Slack : -1.487
TNS   : -5.948

Type  : Slow 1200mV 0C Model Setup 'fin'
Slack : -32.659
TNS   : -4951.744

Type  : Slow 1200mV 0C Model Setup 'DHT11:u0|clk_1M'
Slack : -10.540
TNS   : -617.949

Type  : Slow 1200mV 0C Model Setup 'LCD_DRV:u3|up_mdu5:u0|fout'
Slack : -5.412
TNS   : -358.087

Type  : Slow 1200mV 0C Model Setup 'uart:u7|countE1'
Slack : -3.846
TNS   : -27.340

Type  : Slow 1200mV 0C Model Setup 'clock_generator:u1|clk_100Hz'
Slack : -3.356
TNS   : -81.441

Type  : Slow 1200mV 0C Model Setup 'clock_generator:u1|clk_1MHz'
Slack : -2.772
TNS   : -42.857

Type  : Slow 1200mV 0C Model Setup 'uart:u7|uck1'
Slack : -1.823
TNS   : -18.212

Type  : Slow 1200mV 0C Model Setup 'uart:u7|uck2'
Slack : -1.476
TNS   : -10.488

Type  : Slow 1200mV 0C Model Setup 'DHT11:u0|DHT11_BASIC:u0|clks'
Slack : -1.316
TNS   : -47.617

Type  : Slow 1200mV 0C Model Setup 'keypad:u4|tmpTouch'
Slack : -0.838
TNS   : -1.641

Type  : Slow 1200mV 0C Model Setup 'FD[12]'
Slack : -0.660
TNS   : -4.941

Type  : Slow 1200mV 0C Model Setup 'clock_generator:u1|clk_1KHz'
Slack : -0.310
TNS   : -0.743

Type  : Slow 1200mV 0C Model Setup 'seven_seg_display:u8|FD[10]'
Slack : 0.094
TNS   : 0.000

Type  : Slow 1200mV 0C Model Hold 'fin'
Slack : -0.558
TNS   : -1.029

Type  : Slow 1200mV 0C Model Hold 'uart:u7|uck1'
Slack : -0.239
TNS   : -1.405

Type  : Slow 1200mV 0C Model Hold 'clock_generator:u1|clk_1MHz'
Slack : -0.167
TNS   : -0.702

Type  : Slow 1200mV 0C Model Hold 'clock_generator:u1|clk_1KHz'
Slack : -0.108
TNS   : -0.108

Type  : Slow 1200mV 0C Model Hold 'DHT11:u0|DHT11_BASIC:u0|clks'
Slack : -0.004
TNS   : -0.004

Type  : Slow 1200mV 0C Model Hold 'DHT11:u0|clk_1M'
Slack : 0.012
TNS   : 0.000

Type  : Slow 1200mV 0C Model Hold 'keypad:u4|tmpTouch'
Slack : 0.301
TNS   : 0.000

Type  : Slow 1200mV 0C Model Hold 'LCD_DRV:u3|up_mdu5:u0|fout'
Slack : 0.384
TNS   : 0.000

Type  : Slow 1200mV 0C Model Hold 'FD[12]'
Slack : 0.403
TNS   : 0.000

Type  : Slow 1200mV 0C Model Hold 'clock_generator:u1|clk_100Hz'
Slack : 0.404
TNS   : 0.000

Type  : Slow 1200mV 0C Model Hold 'uart:u7|uck2'
Slack : 0.404
TNS   : 0.000

Type  : Slow 1200mV 0C Model Hold 'uart:u7|countE1'
Slack : 0.406
TNS   : 0.000

Type  : Slow 1200mV 0C Model Hold 'seven_seg_display:u8|FD[10]'
Slack : 0.472
TNS   : 0.000

Type  : Slow 1200mV 0C Model Recovery 'DHT11:u0|clk_1M'
Slack : -1.425
TNS   : -8.342

Type  : Slow 1200mV 0C Model Recovery 'uart:u7|uck2'
Slack : -1.165
TNS   : -4.660

Type  : Slow 1200mV 0C Model Recovery 'keypad:u4|tmpTouch'
Slack : -1.061
TNS   : -1.061

Type  : Slow 1200mV 0C Model Recovery 'uart:u7|uck1'
Slack : -0.078
TNS   : -0.312

Type  : Slow 1200mV 0C Model Removal 'uart:u7|uck1'
Slack : -0.007
TNS   : -0.028

Type  : Slow 1200mV 0C Model Removal 'keypad:u4|tmpTouch'
Slack : 1.122
TNS   : 0.000

Type  : Slow 1200mV 0C Model Removal 'DHT11:u0|clk_1M'
Slack : 1.346
TNS   : 0.000

Type  : Slow 1200mV 0C Model Removal 'uart:u7|uck2'
Slack : 1.402
TNS   : 0.000

Type  : Slow 1200mV 0C Model Minimum Pulse Width 'fin'
Slack : -3.201
TNS   : -1183.665

Type  : Slow 1200mV 0C Model Minimum Pulse Width 'DHT11:u0|clk_1M'
Slack : -1.487
TNS   : -179.927

Type  : Slow 1200mV 0C Model Minimum Pulse Width 'LCD_DRV:u3|up_mdu5:u0|fout'
Slack : -1.487
TNS   : -133.830

Type  : Slow 1200mV 0C Model Minimum Pulse Width 'DHT11:u0|DHT11_BASIC:u0|clks'
Slack : -1.487
TNS   : -114.499

Type  : Slow 1200mV 0C Model Minimum Pulse Width 'clock_generator:u1|clk_100Hz'
Slack : -1.487
TNS   : -63.941

Type  : Slow 1200mV 0C Model Minimum Pulse Width 'clock_generator:u1|clk_1MHz'
Slack : -1.487
TNS   : -32.714

Type  : Slow 1200mV 0C Model Minimum Pulse Width 'FD[12]'
Slack : -1.487
TNS   : -31.227

Type  : Slow 1200mV 0C Model Minimum Pulse Width 'uart:u7|uck1'
Slack : -1.487
TNS   : -17.844

Type  : Slow 1200mV 0C Model Minimum Pulse Width 'uart:u7|uck2'
Slack : -1.487
TNS   : -13.383

Type  : Slow 1200mV 0C Model Minimum Pulse Width 'seven_seg_display:u8|FD[10]'
Slack : -1.487
TNS   : -11.896

Type  : Slow 1200mV 0C Model Minimum Pulse Width 'uart:u7|countE1'
Slack : -1.487
TNS   : -11.896

Type  : Slow 1200mV 0C Model Minimum Pulse Width 'keypad:u4|tmpTouch'
Slack : -1.487
TNS   : -7.435

Type  : Slow 1200mV 0C Model Minimum Pulse Width 'clock_generator:u1|clk_1KHz'
Slack : -1.487
TNS   : -5.948

Type  : Fast 1200mV 0C Model Setup 'fin'
Slack : -14.849
TNS   : -1955.313

Type  : Fast 1200mV 0C Model Setup 'DHT11:u0|clk_1M'
Slack : -4.814
TNS   : -222.498

Type  : Fast 1200mV 0C Model Setup 'LCD_DRV:u3|up_mdu5:u0|fout'
Slack : -1.886
TNS   : -118.402

Type  : Fast 1200mV 0C Model Setup 'uart:u7|countE1'
Slack : -1.389
TNS   : -9.562

Type  : Fast 1200mV 0C Model Setup 'clock_generator:u1|clk_100Hz'
Slack : -0.938
TNS   : -16.181

Type  : Fast 1200mV 0C Model Setup 'clock_generator:u1|clk_1MHz'
Slack : -0.762
TNS   : -6.961

Type  : Fast 1200mV 0C Model Setup 'DHT11:u0|DHT11_BASIC:u0|clks'
Slack : -0.400
TNS   : -7.030

Type  : Fast 1200mV 0C Model Setup 'uart:u7|uck1'
Slack : -0.265
TNS   : -2.123

Type  : Fast 1200mV 0C Model Setup 'uart:u7|uck2'
Slack : -0.122
TNS   : -0.278

Type  : Fast 1200mV 0C Model Setup 'keypad:u4|tmpTouch'
Slack : 0.171
TNS   : 0.000

Type  : Fast 1200mV 0C Model Setup 'FD[12]'
Slack : 0.202
TNS   : 0.000

Type  : Fast 1200mV 0C Model Setup 'clock_generator:u1|clk_1KHz'
Slack : 0.356
TNS   : 0.000

Type  : Fast 1200mV 0C Model Setup 'seven_seg_display:u8|FD[10]'
Slack : 0.564
TNS   : 0.000

Type  : Fast 1200mV 0C Model Hold 'fin'
Slack : -0.477
TNS   : -1.616

Type  : Fast 1200mV 0C Model Hold 'clock_generator:u1|clk_1MHz'
Slack : -0.295
TNS   : -2.187

Type  : Fast 1200mV 0C Model Hold 'uart:u7|uck1'
Slack : -0.282
TNS   : -2.063

Type  : Fast 1200mV 0C Model Hold 'clock_generator:u1|clk_1KHz'
Slack : -0.239
TNS   : -0.239

Type  : Fast 1200mV 0C Model Hold 'DHT11:u0|clk_1M'
Slack : -0.124
TNS   : -0.124

Type  : Fast 1200mV 0C Model Hold 'DHT11:u0|DHT11_BASIC:u0|clks'
Slack : -0.006
TNS   : -0.006

Type  : Fast 1200mV 0C Model Hold 'keypad:u4|tmpTouch'
Slack : 0.101
TNS   : 0.000

Type  : Fast 1200mV 0C Model Hold 'LCD_DRV:u3|up_mdu5:u0|fout'
Slack : 0.178
TNS   : 0.000

Type  : Fast 1200mV 0C Model Hold 'uart:u7|countE1'
Slack : 0.186
TNS   : 0.000

Type  : Fast 1200mV 0C Model Hold 'uart:u7|uck2'
Slack : 0.187
TNS   : 0.000

Type  : Fast 1200mV 0C Model Hold 'FD[12]'
Slack : 0.188
TNS   : 0.000

Type  : Fast 1200mV 0C Model Hold 'clock_generator:u1|clk_100Hz'
Slack : 0.188
TNS   : 0.000

Type  : Fast 1200mV 0C Model Hold 'seven_seg_display:u8|FD[10]'
Slack : 0.206
TNS   : 0.000

Type  : Fast 1200mV 0C Model Recovery 'DHT11:u0|clk_1M'
Slack : -0.118
TNS   : -0.371

Type  : Fast 1200mV 0C Model Recovery 'keypad:u4|tmpTouch'
Slack : -0.079
TNS   : -0.079

Type  : Fast 1200mV 0C Model Recovery 'uart:u7|uck2'
Slack : -0.068
TNS   : -0.272

Type  : Fast 1200mV 0C Model Recovery 'uart:u7|uck1'
Slack : 0.244
TNS   : 0.000

Type  : Fast 1200mV 0C Model Removal 'uart:u7|uck1'
Slack : -0.009
TNS   : -0.036

Type  : Fast 1200mV 0C Model Removal 'keypad:u4|tmpTouch'
Slack : 0.578
TNS   : 0.000

Type  : Fast 1200mV 0C Model Removal 'uart:u7|uck2'
Slack : 0.662
TNS   : 0.000

Type  : Fast 1200mV 0C Model Removal 'DHT11:u0|clk_1M'
Slack : 0.699
TNS   : 0.000

Type  : Fast 1200mV 0C Model Minimum Pulse Width 'fin'
Slack : -3.000
TNS   : -762.634

Type  : Fast 1200mV 0C Model Minimum Pulse Width 'DHT11:u0|clk_1M'
Slack : -1.000
TNS   : -121.000

Type  : Fast 1200mV 0C Model Minimum Pulse Width 'LCD_DRV:u3|up_mdu5:u0|fout'
Slack : -1.000
TNS   : -90.000

Type  : Fast 1200mV 0C Model Minimum Pulse Width 'DHT11:u0|DHT11_BASIC:u0|clks'
Slack : -1.000
TNS   : -77.000

Type  : Fast 1200mV 0C Model Minimum Pulse Width 'clock_generator:u1|clk_100Hz'
Slack : -1.000
TNS   : -43.000

Type  : Fast 1200mV 0C Model Minimum Pulse Width 'clock_generator:u1|clk_1MHz'
Slack : -1.000
TNS   : -22.000

Type  : Fast 1200mV 0C Model Minimum Pulse Width 'FD[12]'
Slack : -1.000
TNS   : -21.000

Type  : Fast 1200mV 0C Model Minimum Pulse Width 'uart:u7|uck1'
Slack : -1.000
TNS   : -12.000

Type  : Fast 1200mV 0C Model Minimum Pulse Width 'uart:u7|uck2'
Slack : -1.000
TNS   : -9.000

Type  : Fast 1200mV 0C Model Minimum Pulse Width 'seven_seg_display:u8|FD[10]'
Slack : -1.000
TNS   : -8.000

Type  : Fast 1200mV 0C Model Minimum Pulse Width 'uart:u7|countE1'
Slack : -1.000
TNS   : -8.000

Type  : Fast 1200mV 0C Model Minimum Pulse Width 'keypad:u4|tmpTouch'
Slack : -1.000
TNS   : -5.000

Type  : Fast 1200mV 0C Model Minimum Pulse Width 'clock_generator:u1|clk_1KHz'
Slack : -1.000
TNS   : -4.000

------------------------------------------------------------
