------------------------------------------------------------
TimeQuest Timing Analyzer Summary
------------------------------------------------------------

Type  : Slow 1200mV 85C Model Setup 'fin'
Slack : -24.698
TNS   : -2110.896

Type  : Slow 1200mV 85C Model Setup 'LCD_DRV:u3|up_mdu5:u0|fout'
Slack : -5.987
TNS   : -360.864

Type  : Slow 1200mV 85C Model Setup 'clock_generator:u1|clk_100Hz'
Slack : -3.888
TNS   : -76.913

Type  : Slow 1200mV 85C Model Setup 'clock_generator:u1|clk_1MHz'
Slack : -1.672
TNS   : -16.684

Type  : Slow 1200mV 85C Model Setup 'keypad:u4|tmpTouch'
Slack : -0.549
TNS   : -1.055

Type  : Slow 1200mV 85C Model Setup 'clock_generator:u1|clk_1KHz'
Slack : -0.416
TNS   : -1.041

Type  : Slow 1200mV 85C Model Hold 'clock_generator:u1|clk_1MHz'
Slack : -0.646
TNS   : -0.646

Type  : Slow 1200mV 85C Model Hold 'fin'
Slack : -0.627
TNS   : -1.513

Type  : Slow 1200mV 85C Model Hold 'clock_generator:u1|clk_1KHz'
Slack : -0.098
TNS   : -0.098

Type  : Slow 1200mV 85C Model Hold 'keypad:u4|tmpTouch'
Slack : 0.070
TNS   : 0.000

Type  : Slow 1200mV 85C Model Hold 'LCD_DRV:u3|up_mdu5:u0|fout'
Slack : 0.434
TNS   : 0.000

Type  : Slow 1200mV 85C Model Hold 'clock_generator:u1|clk_100Hz'
Slack : 0.455
TNS   : 0.000

Type  : Slow 1200mV 85C Model Minimum Pulse Width 'fin'
Slack : -3.201
TNS   : -542.768

Type  : Slow 1200mV 85C Model Minimum Pulse Width 'LCD_DRV:u3|up_mdu5:u0|fout'
Slack : -1.487
TNS   : -132.343

Type  : Slow 1200mV 85C Model Minimum Pulse Width 'clock_generator:u1|clk_100Hz'
Slack : -1.487
TNS   : -63.941

Type  : Slow 1200mV 85C Model Minimum Pulse Width 'clock_generator:u1|clk_1MHz'
Slack : -1.487
TNS   : -14.870

Type  : Slow 1200mV 85C Model Minimum Pulse Width 'clock_generator:u1|clk_1KHz'
Slack : -1.487
TNS   : -5.948

Type  : Slow 1200mV 85C Model Minimum Pulse Width 'keypad:u4|tmpTouch'
Slack : -1.487
TNS   : -5.948

Type  : Slow 1200mV 0C Model Setup 'fin'
Slack : -22.762
TNS   : -1971.827

Type  : Slow 1200mV 0C Model Setup 'LCD_DRV:u3|up_mdu5:u0|fout'
Slack : -5.532
TNS   : -332.540

Type  : Slow 1200mV 0C Model Setup 'clock_generator:u1|clk_100Hz'
Slack : -3.619
TNS   : -69.097

Type  : Slow 1200mV 0C Model Setup 'clock_generator:u1|clk_1MHz'
Slack : -1.453
TNS   : -14.487

Type  : Slow 1200mV 0C Model Setup 'keypad:u4|tmpTouch'
Slack : -0.492
TNS   : -0.940

Type  : Slow 1200mV 0C Model Setup 'clock_generator:u1|clk_1KHz'
Slack : -0.301
TNS   : -0.663

Type  : Slow 1200mV 0C Model Hold 'fin'
Slack : -0.499
TNS   : -1.343

Type  : Slow 1200mV 0C Model Hold 'clock_generator:u1|clk_1MHz'
Slack : -0.480
TNS   : -0.480

Type  : Slow 1200mV 0C Model Hold 'clock_generator:u1|clk_1KHz'
Slack : 0.008
TNS   : 0.000

Type  : Slow 1200mV 0C Model Hold 'keypad:u4|tmpTouch'
Slack : 0.073
TNS   : 0.000

Type  : Slow 1200mV 0C Model Hold 'LCD_DRV:u3|up_mdu5:u0|fout'
Slack : 0.384
TNS   : 0.000

Type  : Slow 1200mV 0C Model Hold 'clock_generator:u1|clk_100Hz'
Slack : 0.403
TNS   : 0.000

Type  : Slow 1200mV 0C Model Minimum Pulse Width 'fin'
Slack : -3.201
TNS   : -542.768

Type  : Slow 1200mV 0C Model Minimum Pulse Width 'LCD_DRV:u3|up_mdu5:u0|fout'
Slack : -1.487
TNS   : -132.343

Type  : Slow 1200mV 0C Model Minimum Pulse Width 'clock_generator:u1|clk_100Hz'
Slack : -1.487
TNS   : -63.941

Type  : Slow 1200mV 0C Model Minimum Pulse Width 'clock_generator:u1|clk_1MHz'
Slack : -1.487
TNS   : -14.870

Type  : Slow 1200mV 0C Model Minimum Pulse Width 'clock_generator:u1|clk_1KHz'
Slack : -1.487
TNS   : -5.948

Type  : Slow 1200mV 0C Model Minimum Pulse Width 'keypad:u4|tmpTouch'
Slack : -1.487
TNS   : -5.948

Type  : Fast 1200mV 0C Model Setup 'fin'
Slack : -9.956
TNS   : -764.966

Type  : Fast 1200mV 0C Model Setup 'LCD_DRV:u3|up_mdu5:u0|fout'
Slack : -1.923
TNS   : -104.305

Type  : Fast 1200mV 0C Model Setup 'clock_generator:u1|clk_100Hz'
Slack : -1.128
TNS   : -10.434

Type  : Fast 1200mV 0C Model Setup 'clock_generator:u1|clk_1MHz'
Slack : -0.138
TNS   : -1.146

Type  : Fast 1200mV 0C Model Setup 'clock_generator:u1|clk_1KHz'
Slack : 0.267
TNS   : 0.000

Type  : Fast 1200mV 0C Model Setup 'keypad:u4|tmpTouch'
Slack : 0.349
TNS   : 0.000

Type  : Fast 1200mV 0C Model Hold 'fin'
Slack : -0.445
TNS   : -4.922

Type  : Fast 1200mV 0C Model Hold 'clock_generator:u1|clk_1MHz'
Slack : -0.442
TNS   : -0.442

Type  : Fast 1200mV 0C Model Hold 'clock_generator:u1|clk_1KHz'
Slack : -0.171
TNS   : -0.171

Type  : Fast 1200mV 0C Model Hold 'keypad:u4|tmpTouch'
Slack : -0.051
TNS   : -0.051

Type  : Fast 1200mV 0C Model Hold 'LCD_DRV:u3|up_mdu5:u0|fout'
Slack : 0.178
TNS   : 0.000

Type  : Fast 1200mV 0C Model Hold 'clock_generator:u1|clk_100Hz'
Slack : 0.187
TNS   : 0.000

Type  : Fast 1200mV 0C Model Minimum Pulse Width 'fin'
Slack : -3.000
TNS   : -303.448

Type  : Fast 1200mV 0C Model Minimum Pulse Width 'LCD_DRV:u3|up_mdu5:u0|fout'
Slack : -1.000
TNS   : -89.000

Type  : Fast 1200mV 0C Model Minimum Pulse Width 'clock_generator:u1|clk_100Hz'
Slack : -1.000
TNS   : -43.000

Type  : Fast 1200mV 0C Model Minimum Pulse Width 'clock_generator:u1|clk_1MHz'
Slack : -1.000
TNS   : -10.000

Type  : Fast 1200mV 0C Model Minimum Pulse Width 'clock_generator:u1|clk_1KHz'
Slack : -1.000
TNS   : -4.000

Type  : Fast 1200mV 0C Model Minimum Pulse Width 'keypad:u4|tmpTouch'
Slack : -1.000
TNS   : -4.000

------------------------------------------------------------
